// Jest Snapshot v1, https://goo.gl/fbAQLP

exports[`AÃ±adiendo pruebas a React Creamos un snapshot en React 1`] = `ShallowWrapper {}`;
